[colorlib.com/preview/theme/primelaw/index.html]
[backblue.gif]
[fade.gif]
[index.html]
[colorlib.com/preview/theme/primelaw/css/open-iconic-bootstrap.min.css]
[colorlib.com/preview/theme/primelaw/css/animate.css]
[colorlib.com/preview/theme/primelaw/css/owl.carousel.min.css]
[colorlib.com/preview/theme/primelaw/css/owl.theme.default.min.css]
[colorlib.com/preview/theme/primelaw/css/magnific-popup.css]
[colorlib.com/preview/theme/primelaw/css/aos.css]
[colorlib.com/preview/theme/primelaw/css/ionicons.min.css]
[colorlib.com/preview/theme/primelaw/css/bootstrap-datepicker.css]
[colorlib.com/preview/theme/primelaw/css/jquery.timepicker.css]
[colorlib.com/preview/theme/primelaw/css/flaticon.css]
[colorlib.com/preview/theme/primelaw/css/icomoon.css]
[colorlib.com/preview/theme/primelaw/css/style.css]
[colorlib.com/preview/theme/primelaw/index-2.html]
[colorlib.com/preview/theme/primelaw/about.html]
[colorlib.com/preview/theme/primelaw/practice.html]
[colorlib.com/preview/theme/primelaw/attorney.html]
[colorlib.com/preview/theme/primelaw/pricing.html]
[colorlib.com/preview/theme/primelaw/blog.html]
[colorlib.com/preview/theme/primelaw/contact.html]
[colorlib.com/preview/theme/primelaw/images/bg_1.jpg]
[colorlib.com/preview/theme/primelaw/images/bg_2.jpg]
[colorlib.com/preview/theme/primelaw/images/about.jpg]
[colorlib.com/preview/theme/primelaw/images/bg_3.jpg]
[colorlib.com/preview/theme/primelaw/images/about-2.jpg]
[colorlib.com/preview/theme/primelaw/images/person_1.jpg]
[colorlib.com/preview/theme/primelaw/images/person_2.jpg]
[colorlib.com/preview/theme/primelaw/images/person_3.jpg]
[colorlib.com/preview/theme/primelaw/images/person_4.jpg]
[colorlib.com/preview/theme/primelaw/blog-single.html]
[colorlib.com/preview/theme/primelaw/images/image_1.jpg]
[colorlib.com/preview/theme/primelaw/images/image_2.jpg]
[colorlib.com/preview/theme/primelaw/images/image_3.jpg]
[colorlib.com/cdn-cgi/scripts/5c5dd728/cloudflare-static/email-decode.min.js]
[colorlib.com/preview/theme/primelaw/js/jquery-migrate-3.0.1.min.js]
[colorlib.com/preview/theme/primelaw/js/popper.min.js]
[colorlib.com/preview/theme/primelaw/js/bootstrap.min.js]
[colorlib.com/preview/theme/primelaw/js/jquery.easing.1.3.js]
[colorlib.com/preview/theme/primelaw/js/jquery.waypoints.min.js]
[colorlib.com/preview/theme/primelaw/js/jquery.stellar.min.js]
[colorlib.com/preview/theme/primelaw/js/jquery.min.js]
[colorlib.com/preview/theme/primelaw/js/owl.carousel.min.js]
[colorlib.com/preview/theme/primelaw/js/jquery.magnific-popup.min.js]
[colorlib.com/preview/theme/primelaw/js/aos.js]
[colorlib.com/preview/theme/primelaw/js/jquery.animateNumber.min.js]
[colorlib.com/preview/theme/primelaw/js/bootstrap-datepicker.js]
[colorlib.com/preview/theme/primelaw/js/jquery.timepicker.min.js]
[colorlib.com/preview/theme/primelaw/js/scrollax.min.js]
[colorlib.com/preview/theme/primelaw/js/google-map.js]
[colorlib.com/preview/theme/primelaw/js/main.js]
[colorlib.com/preview/theme/primelaw/index.html]
[ajax.cloudflare.com/cdn-cgi/scripts/95c75768/cloudflare-static/rocket-loader.min.js]
[colorlib.com/preview/theme/primelaw/fonts/open-iconic/open-iconic.eot]
[colorlib.com/preview/theme/primelaw/fonts/open-iconic/open-iconicd41d.eot]
[colorlib.com/preview/theme/primelaw/fonts/open-iconic/open-iconic.woff]
[colorlib.com/preview/theme/primelaw/fonts/open-iconic/open-iconic.ttf]
[colorlib.com/preview/theme/primelaw/fonts/open-iconic/open-iconic.otf]
[colorlib.com/preview/theme/primelaw/css/open-iconic-bootstrap.min.css]
[colorlib.com/preview/theme/primelaw/css/animate.css]
[colorlib.com/preview/theme/primelaw/fonts/open-iconic/open-iconic.svg]
[colorlib.com/preview/theme/primelaw/css/owl.video.play.png]
[colorlib.com/preview/theme/primelaw/css/owl.carousel.min.css]
[colorlib.com/preview/theme/primelaw/css/owl.theme.default.min.css]
[colorlib.com/preview/theme/primelaw/css/magnific-popup.css]
[colorlib.com/preview/theme/primelaw/css/aos.css]
[colorlib.com/preview/theme/primelaw/fonts/ionicons/fonts/ionicons580c.eot]
[colorlib.com/preview/theme/primelaw/fonts/ionicons/fonts/ionicons580c.woff2]
[colorlib.com/preview/theme/primelaw/fonts/ionicons/fonts/ionicons580c.woff]
[colorlib.com/preview/theme/primelaw/css/ionicons.min.css]
[colorlib.com/preview/theme/primelaw/css/bootstrap-datepicker.css]
[colorlib.com/preview/theme/primelaw/css/jquery.timepicker.css]
[colorlib.com/preview/theme/primelaw/fonts/ionicons/fonts/ionicons580c.ttf]
[colorlib.com/preview/theme/primelaw/fonts/flaticon/font/Flaticon.eot]
[colorlib.com/preview/theme/primelaw/fonts/flaticon/font/Flaticond41d.eot]
[colorlib.com/preview/theme/primelaw/fonts/flaticon/font/Flaticon.woff]
[colorlib.com/preview/theme/primelaw/fonts/ionicons/fonts/ionicons580c.svg]
[colorlib.com/preview/theme/primelaw/fonts/flaticon/font/Flaticon.ttf]
[colorlib.com/preview/theme/primelaw/css/flaticon.css]
[colorlib.com/preview/theme/primelaw/fonts/flaticon/font/Flaticon.svg]
[colorlib.com/preview/theme/primelaw/fonts/icomoon/icomoonccfb.eot]
[colorlib.com/preview/theme/primelaw/css/icomoon.css]
[colorlib.com/preview/theme/primelaw/css/style.css]
[colorlib.com/preview/theme/primelaw/index-2.html]
[colorlib.com/preview/theme/primelaw/about.html]
[colorlib.com/preview/theme/primelaw/fonts/icomoon/icomoonccfb.woff]
[colorlib.com/preview/theme/primelaw/fonts/icomoon/icomoonccfb.ttf]
[colorlib.com/preview/theme/primelaw/fonts/icomoon/icomoonccfb.svg]
[colorlib.com/preview/theme/primelaw/images/practice-1.jpg]
[colorlib.com/preview/theme/primelaw/images/practice-2.jpg]
[colorlib.com/preview/theme/primelaw/images/practice-3.jpg]
[colorlib.com/preview/theme/primelaw/images/practice-4.jpg]
[colorlib.com/preview/theme/primelaw/images/practice-5.jpg]
[colorlib.com/preview/theme/primelaw/images/practice-6.jpg]
[colorlib.com/preview/theme/primelaw/practice.html]
[colorlib.com/preview/theme/primelaw/images/staff-1.jpg]
[colorlib.com/preview/theme/primelaw/images/staff-2.jpg]
[colorlib.com/preview/theme/primelaw/images/staff-3.jpg]
[colorlib.com/preview/theme/primelaw/images/staff-4.jpg]
[colorlib.com/preview/theme/primelaw/attorney.html]
[colorlib.com/preview/theme/primelaw/pricing.html]
[colorlib.com/preview/theme/primelaw/images/image_4.jpg]
[colorlib.com/preview/theme/primelaw/images/image_5.jpg]
[colorlib.com/preview/theme/primelaw/images/image_6.jpg]
[colorlib.com/preview/theme/primelaw/blog.html]
[colorlib.com/preview/theme/primelaw/contact.html]
[colorlib.com/preview/theme/primelaw/blog-single.html]
[colorlib.com/preview/theme/primelaw/js/jquery.timepicker.min.html]
[colorlib.com/preview/theme/primelaw/fonts/open-iconic/open-iconic.svg]
[colorlib.com/preview/theme/primelaw/css/owl.video.play.html]
[colorlib.com/preview/theme/primelaw/fonts/ionicons/fonts/ionicons580c.svg]
[colorlib.com/preview/theme/primelaw/fonts/flaticon/font/Flaticon.svg]
[colorlib.com/preview/theme/primelaw/fonts/icomoon/icomoonccfb.svg]
